---
source: crates/opi-tui/tests/permission_prompt_snapshots.rs
assertion_line: 76
expression: "render(p, 120, 40)"
---
┌ Allow local? ────────────────────────────────────────────────────────────────────────────────────────────────────────┐
│adapter: local                                                                                                        │
│mode: interactive                                                                                                     │
│Esc cancels (= deny).                                                                                                 │
│                                                                                                                      │
│> Allow once                                                                                                          │
│  Allow for session                                                                                                   │
│  Deny                                                                                                                │
│                                                                                                                      │
│                                                                                                                      │
│                                                                                                                      │
│                                                                                                                      │
│                                                                                                                      │
│                                                                                                                      │
│                                                                                                                      │
│                                                                                                                      │
│                                                                                                                      │
│                                                                                                                      │
│                                                                                                                      │
│                                                                                                                      │
│                                                                                                                      │
│                                                                                                                      │
│                                                                                                                      │
│                                                                                                                      │
│                                                                                                                      │
│                                                                                                                      │
│                                                                                                                      │
│                                                                                                                      │
│                                                                                                                      │
│                                                                                                                      │
│                                                                                                                      │
│                                                                                                                      │
│                                                                                                                      │
│                                                                                                                      │
│                                                                                                                      │
│                                                                                                                      │
│                                                                                                                      │
│                                                                                                                      │
│                                                                                                                      │
└──────────────────────────────────────────────────────────────────────────────────────────────────────────────────────┘
