---
source: crates/opi-tui/tests/permission_prompt_snapshots.rs
assertion_line: 51
expression: "render(p, 120, 40)"
---
┌ Allow opi-sandbox? ──────────────────────────────────────────────────────────────────────────────────────────────────┐
│adapter: opi-sandbox                                                                                                  │
│package: mock-pkg · mode: interactive                                                                                 │
│Esc cancels (= deny).                                                                                                 │
│                                                                                                                      │
│> Allow once                                                                                                          │
│  Allow for session                                                                                                   │
│  Deny                                                                                                                │
│                                                                                                                      │
│                                                                                                                      │
│                                                                                                                      │
│                                                                                                                      │
│                                                                                                                      │
│                                                                                                                      │
│                                                                                                                      │
│                                                                                                                      │
│                                                                                                                      │
│                                                                                                                      │
│                                                                                                                      │
│                                                                                                                      │
│                                                                                                                      │
│                                                                                                                      │
│                                                                                                                      │
│                                                                                                                      │
│                                                                                                                      │
│                                                                                                                      │
│                                                                                                                      │
│                                                                                                                      │
│                                                                                                                      │
│                                                                                                                      │
│                                                                                                                      │
│                                                                                                                      │
│                                                                                                                      │
│                                                                                                                      │
│                                                                                                                      │
│                                                                                                                      │
│                                                                                                                      │
│                                                                                                                      │
│                                                                                                                      │
└──────────────────────────────────────────────────────────────────────────────────────────────────────────────────────┘
