---
source: crates/opi-coding-agent/src/interactive.rs
expression: "render_permission_prompt_whole_frame(80, 24)"
---
┌ Allow opi-sandbox? ──────────────────────────────────┐───────────────────────┐
│adapter: opi-sandbox                                  │                       │
│package: mock-pkg · mode: interactive                 │                       │
│Esc cancels (= deny).                                 │                       │
│                                                      │                       │
│> Allow once                                          │                       │
│  Allow for session                                   │                       │
│  Deny                                                │                       │
│                                                      │                       │
│                                                      │                       │
│                                                      │                       │
└──────────────────────────────────────────────────────┘                       │
│                                                                              │
│                                                                              │
│                                                                              │
│                                                                              │
│                                                                              │
│                                                                              │
│                                                                              │
└──────────────────────────────────────────────────────────────────────────────┘
 mock:old [awaiting permission...]
┌ Input ───────────────────────────────────────────────────────────────────────┐
│Type a message...                                                             │
└──────────────────────────────────────────────────────────────────────────────┘
